# serializer version: 1
# name: test_cross_reality_daily_plan_snapshot
  dict({
    'agent_name': 'cross-reality-action-fabric',
    'backend': 'stub:sequential',
    'executions': list([
      dict({
        'ok': True,
        'outcome': 'success',
        'step': 1,
        'stub': True,
        'summary': '[stub] weather_lookup executed: Read-only lookup: weather forecast for Hanoi this Saturday.',
        'tool': 'weather_lookup',
      }),
      dict({
        'ok': True,
        'outcome': 'success',
        'step': 2,
        'stub': True,
        'summary': "[stub] x_search executed: Read-only search: latest X posts mentioning '#GrokAgentOS'.",
        'tool': 'x_search',
      }),
      dict({
        'ok': True,
        'outcome': 'success',
        'step': 3,
        'stub': True,
        'summary': "[stub] windows_local executed: Append a single line to the agent's daily journal.",
        'tool': 'windows_local',
      }),
      dict({
        'ok': True,
        'outcome': 'success',
        'step': 4,
        'stub': True,
        'summary': '[stub] web_via_stagehand executed: Open Booking.com in a visible Chrome window (no submit).',
        'tool': 'web_via_stagehand',
      }),
    ]),
    'plan': dict({
      'contradictions': list([
      ]),
      'created_at': '<SCRUBBED>',
      'plan_id': 'plan-<SHA>',
      'proposed_actions': list([
        dict({
          'consent_required': True,
          'consent_token': 'ct-weather_lookup-<SHA>',
          'description': 'Read-only lookup: weather forecast for Hanoi this Saturday.',
          'executed': True,
          'execution_result': dict({
            'ok': True,
            'outcome': 'success',
            'step': 1,
            'stub': True,
            'summary': '[stub] weather_lookup executed: Read-only lookup: weather forecast for Hanoi this Saturday.',
            'tool': 'weather_lookup',
          }),
          'expected_cost_usd': 0.0,
          'finished_at': '<SCRUBBED>',
          'outcome': 'success',
          'refusal_reason': None,
          'rollback': '',
          'rolled_back': False,
          'script': 'GET /data/2.5/forecast?q=Hanoi,VN',
          'started_at': '<SCRUBBED>',
          'step': 1,
          'tool': 'weather_lookup',
        }),
        dict({
          'consent_required': True,
          'consent_token': 'ct-x_search-<SHA>',
          'description': "Read-only search: latest X posts mentioning '#GrokAgentOS'.",
          'executed': True,
          'execution_result': dict({
            'ok': True,
            'outcome': 'success',
            'step': 2,
            'stub': True,
            'summary': "[stub] x_search executed: Read-only search: latest X posts mentioning '#GrokAgentOS'.",
            'tool': 'x_search',
          }),
          'expected_cost_usd': 0.0,
          'finished_at': '<SCRUBBED>',
          'outcome': 'success',
          'refusal_reason': None,
          'rollback': '',
          'rolled_back': False,
          'script': "x_search query='#GrokAgentOS' limit=10",
          'started_at': '<SCRUBBED>',
          'step': 2,
          'tool': 'x_search',
        }),
        dict({
          'consent_required': True,
          'consent_token': 'ct-windows_local-<SHA>',
          'description': "Append a single line to the agent's daily journal.",
          'executed': True,
          'execution_result': dict({
            'ok': True,
            'outcome': 'success',
            'step': 3,
            'stub': True,
            'summary': "[stub] windows_local executed: Append a single line to the agent's daily journal.",
            'tool': 'windows_local',
          }),
          'expected_cost_usd': 0.0,
          'finished_at': '<SCRUBBED>',
          'outcome': 'success',
          'refusal_reason': None,
          'rollback': "$path = Join-Path $env:LOCALAPPDATA 'grok-agent\\cross-reality-action-fabric\\journal.md' ; if (Test-Path $path) {   $c = Get-Content $path ;   $c[0..($c.Count - 2)] | Set-Content $path }",
          'rolled_back': False,
          'script': "$path = Join-Path $env:LOCALAPPDATA 'grok-agent\\cross-reality-action-fabric\\journal.md' ; Add-Content -Path $path -Value '[stub] daily plan rendered.'",
          'started_at': '<SCRUBBED>',
          'step': 3,
          'tool': 'windows_local',
        }),
        dict({
          'consent_required': True,
          'consent_token': 'ct-web_via_stagehand-<SHA>',
          'description': 'Open Booking.com in a visible Chrome window (no submit).',
          'executed': True,
          'execution_result': dict({
            'ok': True,
            'outcome': 'success',
            'step': 4,
            'stub': True,
            'summary': '[stub] web_via_stagehand executed: Open Booking.com in a visible Chrome window (no submit).',
            'tool': 'web_via_stagehand',
          }),
          'expected_cost_usd': 0.0,
          'finished_at': '<SCRUBBED>',
          'outcome': 'success',
          'refusal_reason': None,
          'rollback': "close_chrome_tab(target='https://www.booking.com')",
          'rolled_back': False,
          'script': 'navigate https://www.booking.com',
          'started_at': '<SCRUBBED>',
          'step': 4,
          'tool': 'web_via_stagehand',
        }),
      ]),
      'refusal_reason': None,
      'total_cost_usd': 0.0,
      'user_request': "(daily plan: today's proposed actions)",
    }),
    'provenance': dict({
      'aborted': 0,
      'cost_usd': 0.0,
      'finished_at': '<SCRUBBED>',
      'force_stub': True,
      'prompt_version': 'cross-reality-action-fabric/prompts@v1',
      'started_at': '<SCRUBBED>',
      'successful': 4,
      'trail': list([
        dict({
          'action': 'plan_actions',
          'action_count': 4,
          'node': 'plan_actions',
          'stub': True,
          'stub_reason': 'force_stub mode — deterministic 4-action plan',
          'tools': list([
            'weather_lookup',
            'x_search',
            'windows_local',
            'web_via_stagehand',
          ]),
          'ts': '<SCRUBBED>',
        }),
        dict({
          'action': 'request_approval',
          'approved_count': 4,
          'node': 'request_approval',
          'note': 'HITL gate evaluated each step.',
          'refused_count': 0,
          'stub': True,
          'ts': '<SCRUBBED>',
        }),
        dict({
          'aborted_count': 0,
          'action': 'execute_realworld',
          'executed_count': 1,
          'node': 'execute_realworld',
          'stub': True,
          'ts': '<SCRUBBED>',
        }),
        dict({
          'aborted_count': 0,
          'action': 'execute_x',
          'executed_count': 1,
          'node': 'execute_x',
          'stub': True,
          'ts': '<SCRUBBED>',
        }),
        dict({
          'aborted_count': 0,
          'action': 'execute_windows',
          'executed_count': 1,
          'node': 'execute_windows',
          'stub': True,
          'ts': '<SCRUBBED>',
        }),
        dict({
          'aborted_count': 0,
          'action': 'execute_web',
          'executed_count': 1,
          'node': 'execute_web',
          'stub': True,
          'ts': '<SCRUBBED>',
        }),
        dict({
          'aborted': 0,
          'action': 'output_with_provenance',
          'executed': 4,
          'node': 'output_with_provenance',
          'stub': True,
          'ts': '<SCRUBBED>',
          'violation_count': 0,
        }),
      ]),
      'violation_count': 0,
    }),
    'rollbacks': list([
    ]),
    'stub': True,
    'user_id': 'snapshot-fixture',
    'violations': list([
    ]),
  })
# ---
# name: test_living_narrative_synthesize_snapshot
  dict({
    'claim_count': 18,
    'computed_at': '<SCRUBBED>',
    'contradiction_count': 1,
    'parent_version_id': '<SCRUBBED>',
    'time_range': '7d',
    'topic': 'snapshot-fixture',
    'version_id': '<SCRUBBED>',
  })
# ---
# name: test_self_evolving_personal_os_daily_brief_snapshot
  dict({
    'agent_name': 'self-evolving-personal-os',
    'backend': 'stub:sequential',
    'brief': dict({
      'evolution': dict({
        'error_sources': list([
        ]),
        'live_threads': list([
        ]),
        'loop_cap': 1,
        'prompt_version_in': 'self-evolving-personal-os/prompts@v1',
        'prompt_version_out': 'self-evolving-personal-os/prompts@v1',
        'should_loop': False,
      }),
      'for_date': '2026-05-09',
      'generated_at': '<TIMESTAMP>',
      'prompt_version': 'self-evolving-personal-os/prompts@v1',
      'sections': dict({
        'ambient': dict({
          'news_headlines': list([
          ]),
          'weather_summary': 'no weather data',
        }),
        'inbox_pulse': dict({
          'top_subjects': list([
          ]),
          'unread_count': 0,
        }),
        'memory_health': dict({
          'rows_per_source': dict({
          }),
          'total_rows': 0,
        }),
        'notes_recent': dict({
          'count': 0,
          'live_threads': list([
          ]),
          'titles': list([
          ]),
        }),
        'today_schedule': dict({
          'count': 0,
          'items': list([
          ]),
        }),
        'x_pulse': dict({
          'bookmark_count': 0,
          'dm_count': 0,
          'list_count': 0,
          'mention_count': 0,
        }),
      }),
      'stub': True,
      'title': 'Morning Brief — Self-Evolving Personal OS',
      'user_id': 'snapshot-fixture',
      'violation_count': 6,
    }),
    'provenance': dict({
      'finished_at': '<SCRUBBED>',
      'force_stub': True,
      'loop_count': 0,
      'memory_writes': 0,
      'per_source': dict({
      }),
      'prompt_version': 'self-evolving-personal-os/prompts@v1',
      'started_at': '<SCRUBBED>',
      'trail': list([
        dict({
          'action': 'ingest_all_sources',
          'node': 'ingest_all_sources',
          'note': 'Fetched personal data from connector composite.',
          'sources_blocked': list([
            'gcal',
            'gmail',
            'local_notes',
            'news_personal',
            'weather',
            'x_personal',
          ]),
          'sources_ok': list([
          ]),
          'stub': True,
          'ts': '<SCRUBBED>',
        }),
        dict({
          'action': 'remember_personal',
          'memory_backend': 'stub:sqlite-mem0',
          'node': 'remember_personal',
          'note': 'Verified memory persistence across all 6 sources.',
          'per_source': dict({
          }),
          'stub': True,
          'total': 0,
          'ts': '<SCRUBBED>',
        }),
        dict({
          'action': 'evolve_workflows',
          'bumped': False,
          'error_sources_count': 0,
          'live_threads_count': 0,
          'node': 'evolve_workflows',
          'note': 'Evaluated 3 evolution rules (errors / cross-ref / loop-cap).',
          'should_loop': False,
          'stub': True,
          'ts': '<SCRUBBED>',
        }),
        dict({
          'action': 'generate_brief',
          'node': 'generate_brief',
          'note': 'Composed morning brief from fetched + remembered + evolved state.',
          'section_count': 6,
          'stub': True,
          'ts': '<SCRUBBED>',
        }),
        dict({
          'action': 'output_with_provenance',
          'node': 'output_with_provenance',
          'note': 'Assembled final output with full provenance trail.',
          'stub': True,
          'ts': '<SCRUBBED>',
          'violation_count': 6,
        }),
      ]),
    }),
    'stub': True,
    'user_id': 'snapshot-fixture',
    'violations': list([
      dict({
        'article': 'II',
        'gate': 'read_x_personal',
        'message': "x_personal: consent gate 'read_x_personal' not held — Article II requires explicit user approval before any read.",
        'node': 'ingest_all_sources',
        'source': 'x_personal',
      }),
      dict({
        'article': 'II',
        'gate': 'read_gcal',
        'message': "gcal: consent gate 'read_gcal' not held — Article II requires explicit user approval before any read.",
        'node': 'ingest_all_sources',
        'source': 'gcal',
      }),
      dict({
        'article': 'II',
        'gate': 'read_gmail',
        'message': "gmail: consent gate 'read_gmail' not held — Article II requires explicit user approval before any read.",
        'node': 'ingest_all_sources',
        'source': 'gmail',
      }),
      dict({
        'article': 'II',
        'gate': 'read_local_notes',
        'message': "local_notes: consent gate 'read_local_notes' not held — Article II requires explicit user approval before any read.",
        'node': 'ingest_all_sources',
        'source': 'local_notes',
      }),
      dict({
        'article': 'II',
        'gate': 'read_weather',
        'message': "weather: consent gate 'read_weather' not held — Article II requires explicit user approval before any read.",
        'node': 'ingest_all_sources',
        'source': 'weather',
      }),
      dict({
        'article': 'II',
        'gate': 'read_news_personal',
        'message': "news_personal: consent gate 'read_news_personal' not held — Article II requires explicit user approval before any read.",
        'node': 'ingest_all_sources',
        'source': 'news_personal',
      }),
    ]),
  })
# ---
